==========================================
SLURM_CLUSTER_NAME = paramutkarsh
SLURM_ARRAY_JOB_ID = 
SLURM_ARRAY_TASK_ID = 
SLURM_ARRAY_TASK_COUNT = 
SLURM_ARRAY_TASK_MAX = 
SLURM_ARRAY_TASK_MIN = 
SLURM_JOB_ACCOUNT = cdac
SLURM_JOB_ID = 246936
SLURM_JOB_NAME = test_job
SLURM_JOB_NODELIST = cn031
SLURM_JOB_USER = lochannk
SLURM_JOB_UID = 21684
SLURM_JOB_PARTITION = standard
SLURM_TASK_PID = 3345
SLURM_SUBMIT_DIR = /home/lochannk/program
SLURM_CPUS_ON_NODE = 4
SLURM_NTASKS = 4
SLURM_TASK_PID = 3345
==========================================
